node.exe : (node:15580) 
[DEP0190] 
DeprecationWarning: Passing 
args to a child process 
with shell option true can 
lead to security 
vulnerabilities, as the 
arguments are not escaped, 
only concatenated.
At C:\Users\Ravikrishna J\Ap
pData\Roaming\npm\npx.ps1:24
 char:5
+     & "node$exe"  "$basedi
r/node_modules/npx/index.js"
 $args
+     ~~~~~~~~~~~~~~~~~~~~~~
~~~~~~~~~~~~~~~~~~~~~~~~~~~~
~~~~~~
    + CategoryInfo          
    : NotSpecified: ((node  
  :15580) [D...y concaten   
 ated.:String) [], Remot    
eException
    + FullyQualifiedErrorId 
    : NativeCommandError
 
(Use `node 
--trace-deprecation ...` to 
show where the warning was 
created)
src/feature/water/WaterPage.tsx(17,30): error TS1343: The 'import.meta' meta-property is only allowed when the '--module' option is 'es2020', 'es2022', 'esnext', 'system', 'node16', 'node18', 'node20', or 'nodenext'.
